--- Starting API Tests ---

1. Testing Add Member...
Failed to parse JSON. Status: 404
Raw Body: <!DOCTYPE html><html lang="en"><head><meta charSet="utf-8"/><meta name="viewport" content="width=device-width, initial-scale=1"/><link rel="stylesheet" href="/_next/static/chunks/src_app_globals_91e4631d.css" data-precedence="next_static/chunks/src_app_globals_91e4631d.css"/><link rel="preload" as="script" fetchPriority="low" href="/_next/static/chunks/%5Bturbopack%5D_browser_dev_hmr-client_hmr-client_ts_d62d378a._.js"/><script src="/_next/static/chunks/node_modules_next_dist_compiled_react-dom_1e674e59._.js" async=""></script><script src="/_next/static/chunks/node_modules_next_dist_compiled_react-server-dom-turbopack_9212ccad._.js" async=""></script><script src="/_next/static/chunks/node_modules_next_dist_compiled_next-devtools_index_1dd7fb59.js" async=""></script><script src="/_next/static/chunks/node_modules_next_dist_compiled_a0e4c7b4._.js" async=""></script><script src="/_next/static/chunks/node_modules_next_dist_client_a6ce9b62._.js" async=""></script><script src="/_next/static/chunks/node_modules_next_dist_4b2403f5._.js" async=""></script><script src="/_next/static/chunks/node_modules_%40swc_helpers_cjs_d80fb378._.js" async=""></script><script src="/_next/static/chunks/_a0ff3932._.js" async=""></script><script src="/_next/static/chunks/turbopack-_376339a9._.js" async=""></script><script src="/_next/static/chunks/node_modules_next_dist_094231d7._.js" async=""></script><script src="/_next/static/chunks/src_app_favicon_ico_mjs_4800b308._.js" async=""></script><script src="/_next/static/chunks/src_41a977a5._.js" async=""></script><script src="/_next/static/chunks/node_modules_ede8993a._.js" async=""></script><script src="/_next/static/chunks/src_app_layout_tsx_3873bb71._.js" async=""></script><script src="/_next/static/chunks/src_app_not-found_tsx_84c8c7b4._.js" async=""></script><link rel="preload" href="https://fonts.googleapis.com/css2?family=Caveat:wght@400;500;600;700&amp;display=swap" as="style"/><meta name="robots" content="noindex"/><link rel="preconnect" href="https://fonts.googleapis.com"/><link rel="preconnect" href="https://fonts.gstatic.com" crossorigin="anonymous"/><title>HEXCO - Higher Education Examinations Council</title><meta name="description" content="Shaping Skills for a Competitive Economy through quality technical and vocational education and training."/><meta name="author" content="HEXCO"/><meta name="keywords" content="HEXCO, Higher Education, Examinations, Technical Education, Vocational Training, Zimbabwe, TVET"/><link rel="icon" href="/favicon.ico?favicon.0b3bf435.ico" sizes="256x256" type="image/x-icon"/><link href="https://fonts.googleapis.com/css2?family=Caveat:wght@400;500;600;700&amp;display=swap" rel="stylesheet"/><script src="/_next/static/chunks/node_modules_next_dist_build_polyfills_polyfill-nomodule.js" noModule=""></script></head><body class="antialiased"><div hidden=""><!--$--><!--/$--></div><header class="sticky top-0 z-50 transition-all duration-300 relative shadow-none"><div class="absolute inset-0 bg-cover bg-center bg-no-repeat" style="background-image:url(/images/header-background.jpg)"><div class="absolute inset-0 transition-all duration-300 bg-blue-900/60"></div></div><div class="h-1 bg-gradient-to-r from-blue-400 via-blue-300 to-blue-500 relative z-10"></div><div class="container-max section-padding relative z-10"><div class="flex items-center justify-between transition-all duration-300 h-20"><div class="flex items-center -ml-6"><a class="flex items-center space-x-4 group" href="/"><div class="relative transition-all duration-300 w-12 h-12"><img alt="HEXCO Logo" loading="lazy" width="48" height="48" decoding="async" data-nimg="1" class="object-contain transition-transform duration-300 group-hover:scale-105" style="color:transparent" srcSet="/_next/image?url=%2Fimages%2Fhexco-logo.png&amp;w=48&amp;q=75 1x, /_next/image?url=%2Fimages%2Fhexco-logo.png&amp;w=96&amp;q=75 2x" src="/_next/image?url=%2Fimages%2Fhexco-logo.png&amp;w=96&amp;q=75"/></div><div class="transition-all duration-300"><h1 class="font-bold tracking-tight transition-all duration-300 text-white text-lg">HEXCO</h1><p class="text-blue-100 font-medium transition-all duration-300 whitespace-nowrap text-sm">Higher Education Examination Council</p></div></a></div><nav class="hidden lg:flex items-center"><div class="flex items-center space-x-8"><a class="relative py-2 text-sm font-medium transition-all duration-200 group text-blue-100 hover:text-white" href="/">Home<span class="absolute -bottom-1 left-0 right-0 h-0.5 bg-blue-300 rounded-full scale-x-0 group-hover:scale-x-100 transition-transform duration-200"></span></a><a class="relative py-2 text-sm font-medium transition-all duration-200 group text-blue-100 hover:text-white" href="/about">About Us<span class="absolute -bottom-1 left-0 right-0 h-0.5 bg-blue-300 rounded-full scale-x-0 group-hover:scale-x-100 transition-transform duration-200"></span></a><a class="relative py-2 text-sm font-medium transition-all duration-200 group text-blue-100 hover:text-white" href="/committees">Committees<span class="absolute -bottom-1 left-0 right-0 h-0.5 bg-blue-300 rounded-full scale-x-0 group-hover:scale-x-100 transition-transform duration-200"></span></a><a class="relative py-2 text-sm font-medium transition-all duration-200 group text-blue-100 hover:text-white" href="/candidates">Candidates<span class="absolute -bottom-1 left-0 right-0 h-0.5 bg-blue-300 rounded-full scale-x-0 group-hover:scale-x-100 transition-transform duration-200"></span></a><a class="relative py-2 text-sm font-medium transition-all duration-200 group text-blue-100 hover:text-white" href="/institutions">Institutions<span class="absolute -bottom-1 left-0 right-0 h-0.5 bg-blue-300 rounded-full scale-x-0 group-hover:scale-x-100 transition-transform duration-200"></span></a><a class="relative py-2 text-sm font-medium transition-all duration-200 group text-blue-100 hover:text-white" href="/resources">Resources<span class="absolute -bottom-1 left-0 right-0 h-0.5 bg-blue-300 rounded-full scale-x-0 group-hover:scale-x-100 transition-transform duration-200"></span></a><a class="relative py-2 text-sm font-medium transition-all duration-200 group text-blue-100 hover:text-white" href="/news">News &amp; Notices<span class="absolute -bottom-1 left-0 right-0 h-0.5 bg-blue-300 rounded-full scale-x-0 group-hover:scale-x-100 transition-transform duration-200"></span></a></div><div class="ml-8 pl-8 border-l border-blue-400"><a class="px-4 py-2 text-sm font-medium text-blue-900 bg-yellow-400 hover:bg-yellow-300 rounded-lg transition-colors duration-200 shadow-lg" href="/contact">Contact Us</a></div></nav><button class="lg:hidden p-2 rounded-lg text-white hover:text-yellow-400 hover:bg-blue-800/50 transition-all duration-200" aria-label="Toggle menu"><div class="w-6 h-6 relative"><span class="absolute block w-6 h-0.5 bg-current transition-all duration-300 top-1"></span><span class="absolute block w-6 h-0.5 bg-current transition-all duration-300 top-3 opacity-100"></span><span class="absolute block w-6 h-0.5 bg-current transition-all duration-300 top-5"></span></div></button></div><div class="border-t border-yellow-400 py-3 bg-blue-800/30 backdrop-blur-sm relative z-10"><div class="flex items-center justify-center gap-4"><div class="relative max-w-md w-full"><div class="absolute inset-y-0 left-0 pl-3 flex items-center pointer-events-none"><svg class="h-5 w-5 text-blue-200" fill="none" stroke="currentColor" viewBox="0 0 24 24"><path stroke-linecap="round" stroke-linejoin="round" stroke-width="2" d="M21 21l-6-6m2-5a7 7 0 11-14 0 7 7 0 0114 0z"></path></svg></div><input type="text" placeholder="Search resources, news, or information..." class="block w-full pl-10 pr-3 py-2 border border-blue-400 bg-white/90 rounded-lg text-sm placeholder-gray-500 focus:outline-none focus:ring-2 focus:ring-yellow-400 focus:border-transparent transition-all duration-200"/></div><div class="relative"><button class="flex items-center space-x-2 px-3 py-2 text-sm font-medium text-white hover:text-yellow-400 rounded-lg hover:bg-blue-800/30 transition-all duration-200" aria-label="Change language"><span class="text-lg">🇬🇧</span><span class="hidden sm:inline">English</span><svg class="w-4 h-4 transition-transform duration-200 " fill="none" stroke="currentColor" viewBox="0 0 24 24"><path stroke-linecap="round" stroke-linejoin="round" stroke-width="2" d="M19 9l-7 7-7-7"></path></svg></button></div></div></div><div class="lg:hidden overflow-hidden transition-all duration-300 relative z-10 max-h-0"><div class="py-6 border-t border-blue-400"><nav class="space-y-1"><a class="flex items-center px-4 py-3 text-base font-medium rounded-lg mx-2 transition-all duration-200 text-blue-100 hover:text-white hover:bg-blue-800/30" href="/">Home</a><a class="flex items-center px-4 py-3 text-base font-medium rounded-lg mx-2 transition-all duration-200 text-blue-100 hover:text-white hover:bg-blue-800/30" href="/about">About Us</a><a class="flex items-center px-4 py-3 text-base font-medium rounded-lg mx-2 transition-all duration-200 text-blue-100 hover:text-white hover:bg-blue-800/30" href="/committees">Committees</a><a class="flex items-center px-4 py-3 text-base font-medium rounded-lg mx-2 transition-all duration-200 text-blue-100 hover:text-white hover:bg-blue-800/30" href="/candidates">Candidates</a><a class="flex items-center px-4 py-3 text-base font-medium rounded-lg mx-2 transition-all duration-200 text-blue-100 hover:text-white hover:bg-blue-800/30" href="/institutions">Institutions</a><a class="flex items-center px-4 py-3 text-base font-medium rounded-lg mx-2 transition-all duration-200 text-blue-100 hover:text-white hover:bg-blue-800/30" href="/resources">Resources</a><a class="flex items-center px-4 py-3 text-base font-medium rounded-lg mx-2 transition-all duration-200 text-blue-100 hover:text-white hover:bg-blue-800/30" href="/news">News &amp; Notices</a><div class="pt-4 mt-4 border-t border-blue-400 mx-2"><a class="flex items-center justify-center w-full px-4 py-3 text-base font-medium text-blue-900 bg-yellow-400 hover:bg-yellow-300 rounded-lg transition-colors duration-200 shadow-lg" href="/contact"><svg class="w-5 h-5 mr-2" fill="none" stroke="currentColor" viewBox="0 0 24 24"><path stroke-linecap="round" stroke-linejoin="round" stroke-width="2" d="M3 8l7.89 4.26a2 2 0 002.22 0L21 8M5 19h14a2 2 0 002-2V7a2 2 0 00-2-2H5a2 2 0 00-2 2v10a2 2 0 002 2z"></path></svg>Contact Us</a></div></nav></div></div></div></header><main class="min-h-screen"><div class="min-h-screen bg-gray-50 flex items-center justify-center py-12 px-4 sm:px-6 lg:px-8"><div class="max-w-md w-full text-center"><div class="flex items-center justify-center space-x-3 mb-8"><div class="w-12 h-12 rounded-lg flex items-center justify-center" style="background-color:var(--primary)"><span class="text-white font-bold text-xl">H</span></div><div><h1 class="text-xl font-bold" style="color:var(--primary)">HEXCO</h1><p class="text-xs text-gray-600">Higher Education Examinations Council</p></div></div><div class="mb-8"><h1 class="text-9xl font-bold text-gray-300 mb-4">404</h1><h2 class="text-3xl font-bold text-gray-900 mb-4">Page Not Found</h2><p class="text-lg text-gray-600 mb-8">Sorry, we couldn&#x27;t find the page you&#x27;re looking for. The page may have been moved, deleted, or you may have entered an incorrect URL.</p></div><div class="space-y-4"><a class="btn-primary w-full" href="/">Go to Homepage</a><div class="flex flex-col sm:flex-row gap-3"><a class="flex-1 px-4 py-2 border border-gray-300 rounded-lg text-gray-700 hover:bg-gray-50 transition-colors text-center" href="/candidates">Candidate Services</a><a class="flex-1 px-4 py-2 border border-gray-300 rounded-lg text-gray-700 hover:bg-gray-50 transition-colors text-center" href="/contact">Contact Us</a></div></div><div class="mt-12 pt-8 border-t border-gray-200"><h3 class="text-sm font-semibold text-gray-900 mb-4">Popular Pages</h3><div class="grid grid-cols-2 gap-2 text-sm"><a class="hover:text-blue-800 transition-colors" style="color:var(--primary)" href="/about">About HEXCO</a><a class="hover:text-blue-800 transition-colors" style="color:var(--primary)" href="/committees">Committees</a><a class="hover:text-blue-800 transition-colors" style="color:var(--primary)" href="/resources">Resources</a><a class="hover:text-blue-800 transition-colors" style="color:var(--primary)" href="/news">News &amp; Notices</a></div></div><div class="mt-8"><div class="relative"><input type="text" placeholder="Search HEXCO website..." class="w-full px-4 py-2 pl-10 border border-gray-300 rounded-lg focus:ring-2 focus:ring-blue-500 focus:border-transparent text-sm"/><svg class="absolute left-3 top-2.5 h-4 w-4 text-gray-400" fill="none" stroke="currentColor" viewBox="0 0 24 24"><path stroke-linecap="round" stroke-linejoin="round" stroke-width="2" d="M21 21l-6-6m2-5a7 7 0 11-14 0 7 7 0 0114 0z"></path></svg></div></div></div></div><!--$--><!--/$--></main><footer class="text-white" style="background-color:var(--primary)"><div class="container-max section-padding py-12"><div class="grid grid-cols-1 md:grid-cols-2 lg:grid-cols-5 gap-8"><div class="lg:col-span-1"><div class="flex items-center space-x-3 mb-4"><img alt="HEXCO Logo" loading="lazy" width="120" height="120" decoding="async" data-nimg="1" class="object-contain" style="color:transparent" srcSet="/_next/image?url=%2Fimages%2Fhexco-logo.png&amp;w=128&amp;q=75 1x, /_next/image?url=%2Fimages%2Fhexco-logo.png&amp;w=256&amp;q=75 2x" src="/_next/image?url=%2Fimages%2Fhexco-logo.png&amp;w=256&amp;q=75"/></div><p class="text-sm text-gray-300 mb-4">Shaping Skills for a Competitive Economy through quality technical and vocational education.</p><div class="flex space-x-4"><a href="#" class="text-gray-300 transition-colors hover:text-yellow-400"><svg class="h-5 w-5" fill="currentColor" viewBox="0 0 24 24"><path d="M24 4.557c-.883.392-1.832.656-2.828.775 1.017-.609 1.798-1.574 2.165-2.724-.951.564-2.005.974-3.127 1.195-.897-.957-2.178-1.555-3.594-1.555-3.179 0-5.515 2.966-4.797 6.045-4.091-.205-7.719-2.165-10.148-5.144-1.29 2.213-.669 5.108 1.523 6.574-.806-.026-1.566-.247-2.229-.616-.054 2.281 1.581 4.415 3.949 4.89-.693.188-1.452.232-2.224.084.626 1.956 2.444 3.379 4.6 3.419-2.07 1.623-4.678 2.348-7.29 2.04 2.179 1.397 4.768 2.212 7.548 2.212 9.142 0 14.307-7.721 13.995-14.646.962-.695 1.797-1.562 2.457-2.549z"></path></svg></a><a href="#" class="text-gray-300 transition-colors hover:text-yellow-400"><svg class="h-5 w-5" fill="currentColor" viewBox="0 0 24 24"><path d="M22.46 6c-.77.35-1.6.58-2.46.69.88-.53 1.56-1.37 1.88-2.38-.83.5-1.75.85-2.72 1.05C18.37 4.5 17.26 4 16 4c-2.35 0-4.27 1.92-4.27 4.29 0 .34.04.67.11.98C8.28 9.09 5.11 7.38 3 4.79c-.37.63-.58 1.37-.58 2.15 0 1.49.75 2.81 1.91 3.56-.71 0-1.37-.2-1.95-.5v.03c0 2.08 1.48 3.82 3.44 4.21a4.22 4.22 0 0 1-1.93.07 4.28 4.28 0 0 0 4 2.98 8.521 8.521 0 0 1-5.33 1.84c-.34 0-.68-.02-1.02-.06C3.44 20.29 5.7 21 8.12 21 16 21 20.33 14.46 20.33 8.79c0-.19 0-.37-.01-.56.84-.6 1.56-1.36 2.14-2.23z"></path></svg></a><a href="#" class="text-gray-300 transition-colors hover:text-yellow-400"><svg class="h-5 w-5" fill="currentColor" viewBox="0 0 24 24"><path d="M20.447 20.452h-3.554v-5.569c0-1.328-.027-3.037-1.852-3.037-1.853 0-2.136 1.445-2.136 2.939v5.667H9.351V9h3.414v1.561h.046c.477-.9 1.637-1.85 3.37-1.85 3.601 0 4.267 2.37 4.267 5.455v6.286zM5.337 7.433c-1.144 0-2.063-.926-2.063-2.065 0-1.138.92-2.063 2.063-2.063 1.14 0 2.064.925 2.064 2.063 0 1.139-.925 2.065-2.064 2.065zm1.782 13.019H3.555V9h3.564v11.452zM22.225 0H1.771C.792 0 0 .774 0 1.729v20.542C0 23.227.792 24 1.771 24h20.451C23.2 24 24 23.227 24 22.271V1.729C24 .774 23.2 0 22.222 0h.003z"></path></svg></a></div></div><div><h4 class="text-lg font-semibold mb-4">Quick Links</h4><ul class="space-y-2"><li><a class="text-sm text-gray-300 transition-colors hover:text-yellow-400" href="/">Home</a></li><li><a class="text-sm text-gray-300 transition-colors hover:text-yellow-400" href="/about">About Us</a></li><li><a class="text-sm text-gray-300 transition-colors hover:text-yellow-400" href="/examinations">Examinations</a></li><li><a class="text-sm text-gray-300 transition-colors hover:text-yellow-400" href="/candidates">Candidates</a></li></ul></div><div><h4 class="text-lg font-semibold mb-4">Committees</h4><ul class="space-y-2"><li><a class="text-sm text-gray-300 transition-colors hover:text-yellow-400" href="/committees/curriculum">Curriculum Committee</a></li><li><a class="text-sm text-gray-300 transition-colors hover:text-yellow-400" href="/committees/examinations">Examinations Committee</a></li><li><a class="text-sm text-gray-300 transition-colors hover:text-yellow-400" href="/committees/industrial-training">Industrial Training &amp; Development</a></li></ul></div><div><h4 class="text-lg font-semibold mb-4">Resources</h4><ul class="space-y-2"><li><a class="text-sm text-gray-300 transition-colors hover:text-yellow-400" href="/resources">Policy Documents</a></li><li><a class="text-sm text-gray-300 transition-colors hover:text-yellow-400" href="/resources/downloads">Downloads</a></li><li><a class="text-sm text-gray-300 transition-colors hover:text-yellow-400" href="/resources/library">Digital Library</a></li><li><a class="text-sm text-gray-300 transition-colors hover:text-yellow-400" href="/news">News &amp; Notices</a></li></ul></div><div><h4 class="text-lg font-semibold mb-4">Support</h4><ul class="space-y-2"><li><a class="text-sm text-gray-300 transition-colors hover:text-yellow-400" href="/contact">Contact Us</a></li><li><a class="text-sm text-gray-300 transition-colors hover:text-yellow-400" href="/candidates#faqs">FAQs</a></li><li><a class="text-sm text-gray-300 transition-colors hover:text-yellow-400" href="/sitemap">Sitemap</a></li><li><a class="text-sm text-gray-300 transition-colors hover:text-yellow-400" href="/contact#feedback">Feedback</a></li></ul></div></div><div class="mt-8 pt-8 border-t border-primary-700 flex flex-col md:flex-row items-center justify-between text-sm text-gray-300"><div class="mb-4 md:mb-0"><p>© <!-- -->2025<!-- --> Higher Education Examinations Council (HEXCO). <!-- -->All rights reserved.</p></div><div class="flex space-x-6"><a class="transition-colors hover:text-yellow-400" href="/privacy">Privacy Policy</a><a class="transition-colors hover:text-yellow-400" href="/terms">Terms of Service</a><a class="transition-colors hover:text-yellow-400" href="/sitemap">Sitemap</a></div></div></div></footer><div class="fixed bottom-6 right-6 z-50"><div class="relative group"><div class="absolute bottom-full right-0 mb-2 transition-opacity duration-300 pointer-events-none opacity-0 group-hover:opacity-100"><div class="bg-gray-800 text-white text-sm px-3 py-2 rounded-lg whitespace-nowrap shadow-lg">HEXCO Assistant, need help?<div class="absolute top-full right-4 w-0 h-0 border-l-4 border-r-4 border-t-4 border-transparent border-t-gray-800"></div></div></div><button class="bg-blue-600 hover:bg-blue-700 text-white rounded-full p-4 shadow-lg transition-all duration-300 hover:scale-110 flex items-center justify-center group-hover:shadow-xl" aria-label="Open HEXCO Assistant chat"><div class="relative"><img alt="HEXCO Logo" loading="lazy" width="32" height="32" decoding="async" data-nimg="1" class="rounded-full" style="color:transparent" srcSet="/_next/image?url=%2Fimages%2Fhexco-logo.png&amp;w=32&amp;q=75 1x, /_next/image?url=%2Fimages%2Fhexco-logo.png&amp;w=64&amp;q=75 2x" src="/_next/image?url=%2Fimages%2Fhexco-logo.png&amp;w=64&amp;q=75"/><svg xmlns="http://www.w3.org/2000/svg" width="24" height="24" viewBox="0 0 24 24" fill="none" stroke="currentColor" stroke-width="2" stroke-linecap="round" stroke-linejoin="round" class="lucide lucide-message-circle w-8 h-8 hidden" aria-hidden="true"><path d="M2.992 16.342a2 2 0 0 1 .094 1.167l-1.065 3.29a1 1 0 0 0 1.236 1.168l3.413-.998a2 2 0 0 1 1.099.092 10 10 0 1 0-4.777-4.719"></path></svg></div><div class="absolute inset-0 rounded-full bg-blue-600 animate-ping opacity-20"></div></button></div></div><script id="_R_">self.__next_r="EclPkmQprYPmZmipNEUke"</script><script src="/_next/static/chunks/%5Bturbopack%5D_browser_dev_hmr-client_hmr-client_ts_d62d378a._.js" async=""></script><script>(self.__next_f=self.__next_f||[]).push([0])</script><script>self.__next_f.push([1,"5:I[\"[project]/node_modules/next/dist/next-devtools/userspace/app/segment-explorer-node.js [app-client] (ecmascript)\",[\"/_next/static/chunks/node_modules_next_dist_094231d7._.js\",\"/_next/static/chunks/src_app_favicon_ico_mjs_4800b308._.js\"],\"SegmentViewNode\"]\n7:\"$Sreact.fragment\"\n1d:I[\"[project]/src/contexts/LanguageContext.tsx [app-client] (ecmascript)\",[\"/_next/static/chunks/src_41a977a5._.js\",\"/_next/static/chunks/node_modules_ede8993a._.js\",\"/_next/static/chunks/src_app_layout_tsx_3873bb71._.js\"],\"LanguageProvider\"]\n1f:I[\"[project]/src/components/layout/Header.tsx [app-client] (ecmascript)\",[\"/_next/static/chunks/src_41a977a5._.js\",\"/_next/static/chunks/node_modules_ede8993a._.js\",\"/_next/static/chunks/src_app_layout_tsx_3873bb71._.js\"],\"default\"]\n22:I[\"[project]/node_modules/next/dist/client/components/layout-router.js [app-client] (ecmascript)\",[\"/_next/static/chunks/node_modules_next_dist_094231d7._.js\",\"/_next/static/chunks/src_app_favicon_ico_mjs_4800b308._.js\"],\"default\"]\n24:I[\"[project]/node_modules/next/dist/client/components/render-from-template-context.js [app-client] (ecmascript)\",[\"/_next/static/chunks/node_modules_next_dist_094231d7._.js\",\"/_next/static/chunks/src_app_favicon_ico_mjs_4800b308._.js\"],\"default\"]\n38:I[\"[project]/node_modules/next/dist/client/app-dir/link.js [app-client] (ecmascript)\",[\"/_next/static/chunks/src_41a977a5._.js\",\"/_next/static/chunks/node_modules_ede8993a._.js\",\"/_next/static/chunks/src_app_layout_tsx_3873bb71._.js\",\"/_next/static/chunks/src_app_not-found_tsx_84c8c7b4._.js\"],\"\"]\n56:I[\"[project]/src/components/layout/Footer.tsx [app-client] (ecmascript)\",[\"/_next/static/chunks/src_41a977a5._.js\",\"/_next/static/chunks/node_modules_ede8993a._.js\",\"/_next/static/chunks/src_app_layout_tsx_3873bb71._.js\"],\"default\"]\n58:I[\"[project]/src/components/chatbot/ChatbotWidget.tsx [app-client] (ecmascript)\",[\"/_next/static/chunks/src_41a977a5._.js\",\"/_next/static/chunks/node_modules_ede8993a._.js\",\"/_next/static/chunks/src_app_layout_tsx_3873bb71._.js\"],\"default\"]\n91:I[\"[project]/node_modules/next/dist/lib/framework/boundary-components.js [app-client] (ecmascript)\",[\"/_next/static/chunks/node_modules_next_dist_094231d7._.js\",\"/_next/static/chunks/src_app_favicon_ico_mjs_4800b308._.js\"],\"OutletBoundary\"]\n93:\"$Sreact.suspense\"\n9d:I[\"[project]/node_modules/next/dist/lib/framework/boundary-components.js [app-client] (ecmascript)\",[\"/_next/static/chunks/node_modules_next_dist_094231d7._.js\",\"/_next/static/chunks/src_app_favicon_ico_mjs_4800b308._.js\"],\"ViewportBoundary\"]\na3:I[\"[project]/node_modules/next/dist/lib/framework/boundary-components.js [app-client] (ecmascript)\",[\"/_next/static/chunks/node_modules_next_dist_094231d7._.js\",\"/_next/static/chunks/src_app_favicon_ico_mjs_4800b308._.js\"],\"MetadataBoundary\"]\na7:I[\"[project]/node_modules/next/dist/client/components/builtin/global-error.js [app-client] (ecmascript)\",[\"/_next/static/chunks/node_modules_next_dist_094231d7._.js\",\"/_next/static/chunks/src_app_favicon_ico_mjs_4800b308._.js\"],\"default\"]\nb1:I[\"[project]/node_modules/next/dist/lib/metadata/generate/icon-mark.js [app-client] (ecmascript)\",[\"/_next/static/chunks/node_modules_next_dist_094231d7._.js\",\"/_next/static/chunks/src_app_favicon_ico_mjs_4800b308._.js\"],\"IconMark\"]\n:HL[\"/_next/static/chunks/src_app_globals_91e4631d.css\",\"style\"]\n:HL[\"https://fonts.googleapis.com/css2?family=Caveat:wght@400;500;600;700\u0026display=swap\",\"style\"]\n:N1763974245800.3281\n3:\"$EObject.defineProperty(()=\u003e{ctx.componentMod.preloadStyle(fullHref,ctx.renderOpts.crossOrigin,ctx.nonce)},\\\"name\\\",{value:\\\"\\\"})\"\n2:{\"name\":\"Preloads\",\"key\":null,\"env\":\"Server\",\"stack\":[],\"props\":{\"preloadCallbacks\":[\"$3\"]}}\n4:[]\n6:[]\n8:[[\"Array.map\",\"\",0,0,0,0,false]]\n9:[[\"Array.map\",\"\",0,0,0,0,false]]\na:[[\"Array.map\",\"\",0,0,0,0,false]]\nb:[[\"Array.map\",\"\",0,0,0,0,false]]\ne:I[\"[project]/node_modules/next/dist/client/components/layout-router.js [app-client] (ecmascript)\",[\"/_next/static/chunks/node_modules_next_dist_094231d7._.js\",\"/_next/static/chunks/src_app_favicon_ico_mjs_4800b308._.js\"],\"default\"]\n11:I[\"[project]/node_modules/next/di"])</script><script>self.__next_f.push([1,"st/client/components/render-from-template-context.js [app-client] (ecmascript)\",[\"/_next/static/chunks/node_modules_next_dist_094231d7._.js\",\"/_next/static/chunks/src_app_favicon_ico_mjs_4800b308._.js\"],\"default\"]\n12:{}\n13:[[\"Promise.all\",\"\",0,0,0,0,true]]\n10:{\"children\":[\"$\",\"$L11\",null,\"$12\",null,\"$13\",1]}\n14:[[\"Promise.all\",\"\",0,0,0,0,true]]\nf:{\"parallelRouterKey\":\"children\",\"error\":\"$undefined\",\"errorStyles\":\"$undefined\",\"errorScripts\":\"$undefined\",\"template\":[\"$\",\"$7\",null,\"$10\",null,\"$14\",0],\"templateStyles\":\"$undefined\",\"templateScripts\":\"$undefined\",\"notFound\":\"$Y\",\"forbidden\":\"$undefined\",\"unauthorized\":\"$undefined\",\"segmentViewBoundaries\":\"$Y\"}\n15:[[\"Promise.all\",\"\",0,0,0,0,true]]\nd:{\"name\":\"RootLayout\",\"key\":null,\"env\":\"Server\",\"stack\":[],\"props\":{\"children\":[\"$\",\"$Le\",null,\"$f\",null,\"$15\",1],\"params\":\"$Y\"}}\n16:[[\"RootLayout\",\"/Users/fortune/Desktop/hexco 3/hexco-website/.next/dev/server/chunks/ssr/_fe30d74b._.js\",198,263,197,1,false]]\n17:[[\"RootLayout\",\"/Users/fortune/Desktop/hexco 3/hexco-website/.next/dev/server/chunks/ssr/_fe30d74b._.js\",202,264,197,1,false]]\n18:[[\"RootLayout\",\"/Users/fortune/Desktop/hexco 3/hexco-website/.next/dev/server/chunks/ssr/_fe30d74b._.js\",204,272,197,1,false]]\n19:[[\"RootLayout\",\"/Users/fortune/Desktop/hexco 3/hexco-website/.next/dev/server/chunks/ssr/_fe30d74b._.js\",212,272,197,1,false]]\n1a:[[\"RootLayout\",\"/Users/fortune/Desktop/hexco 3/hexco-website/.next/dev/server/chunks/ssr/_fe30d74b._.js\",221,272,197,1,false]]\n1b:[[\"RootLayout\",\"/Users/fortune/Desktop/hexco 3/hexco-website/.next/dev/server/chunks/ssr/_fe30d74b._.js\",235,264,197,1,false]]\n1c:[[\"RootLayout\",\"/Users/fortune/Desktop/hexco 3/hexco-website/.next/dev/server/chunks/ssr/_fe30d74b._.js\",238,278,197,1,false]]\n1e:[[\"RootLayout\",\"/Users/fortune/Desktop/hexco 3/hexco-website/.next/dev/server/chunks/ssr/_fe30d74b._.js\",240,276,197,1,false]]\n20:[[\"RootLayout\",\"/Users/fortune/Desktop/hexco 3/hexco-website/.next/dev/server/chunks/ssr/_fe30d74b._.js\",245,276,197,1,false]]\n21:[[\"Promise.all\",\"\",0,0,0,0,true]]\n23:[[\"Promise.all\",\"\",0,0,0,0,true]]\n25:[]\n27:{\"name\":\"NotFound\",\"key\":null,\"env\":\"Server\",\"stack\":[],\"props\":{}}\n28:[[\"NotFound\",\"/Users/fortune/Desktop/hexco 3/hexco-website/.next/dev/server/chunks/ssr/_5dcc1911._.js\",14,263,13,1,false]]\n29:[[\"NotFound\",\"/Users/fortune/Desktop/hexco 3/hexco-website/.next/dev/server/chunks/ssr/_5dcc1911._.js\",16,270,13,1,false]]\n2a:[[\"NotFound\",\"/Users/fortune/Desktop/hexco 3/hexco-website/.next/dev/server/chunks/ssr/_5dcc1911._.js\",19,268,13,1,false]]\n2b:[[\"NotFound\",\"/Users/fortune/Desktop/hexco 3/hexco-website/.next/dev/server/chunks/ssr/_5dcc1911._.js\",22,276,13,1,false]]\n2c:[[\"NotFound\",\"/Users/fortune/Desktop/hexco 3/hexco-website/.next/dev/server/chunks/ssr/_5dcc1911._.js\",27,290,13,1,false]]\n2d:[[\"NotFound\",\"/Users/fortune/Desktop/hexco 3/hexco-website/.next/dev/server/chunks/ssr/_5dcc1911._.js\",40,276,13,1,false]]\n2e:[[\"NotFound\",\"/Users/fortune/Desktop/hexco 3/hexco-website/.next/dev/server/chunks/ssr/_5dcc1911._.js\",42,284,13,1,false]]\n2f:[[\"NotFound\",\"/Users/fortune/Desktop/hexco 3/hexco-website/.next/dev/server/chunks/ssr/_5dcc1911._.js\",53,284,13,1,false]]\n30:[[\"NotFound\",\"/Users/fortune/Desktop/hexco 3/hexco-website/.next/dev/server/chunks/ssr/_5dcc1911._.js\",73,268,13,1,false]]\n31:[[\"NotFound\",\"/Users/fortune/Desktop/hexco 3/hexco-website/.next/dev/server/chunks/ssr/_5dcc1911._.js\",76,276,13,1,false]]\n32:[[\"NotFound\",\"/Users/fortune/Desktop/hexco 3/hexco-website/.next/dev/server/chunks/ssr/_5dcc1911._.js\",84,276,13,1,false]]\n33:[[\"NotFound\",\"/Users/fortune/Desktop/hexco 3/hexco-website/.next/dev/server/chunks/ssr/_5dcc1911._.js\",92,276,13,1,false]]\n34:[[\"NotFound\",\"/Users/fortune/Desktop/hexco 3/hexco-website/.next/dev/server/chunks/ssr/_5dcc1911._.js\",106,268,13,1,false]]\n36:{\"name\":\"LinkComponent\",\"key\":null,\"env\":\"Server\",\"owner\":\"$27\",\"stack\":[[\"NotFound\",\"/Users/fortune/Desktop/hexco 3/hexco-website/.next/dev/server/chunks/ssr/_5dcc1911._.js\",109,276,13,1,false]],\"props\":{\"href\":\"/\",\"className\":\"btn-primary w-full\",\"children\":\"Go to Homepage\"}}\n37:[]\n39:[[\"NotFound\",\""])</script><script>self.__next_f.push([1,"/Users/fortune/Desktop/hexco 3/hexco-website/.next/dev/server/chunks/ssr/_5dcc1911._.js\",118,276,13,1,false]]\n3b:{\"name\":\"LinkComponent\",\"key\":null,\"env\":\"Server\",\"owner\":\"$27\",\"stack\":[[\"NotFound\",\"/Users/fortune/Desktop/hexco 3/hexco-website/.next/dev/server/chunks/ssr/_5dcc1911._.js\",121,284,13,1,false]],\"props\":{\"href\":\"/candidates\",\"className\":\"flex-1 px-4 py-2 border border-gray-300 rounded-lg text-gray-700 hover:bg-gray-50 transition-colors text-center\",\"children\":\"Candidate Services\"}}\n3c:[]\n3e:{\"name\":\"LinkComponent\",\"key\":null,\"env\":\"Server\",\"owner\":\"$27\",\"stack\":[[\"NotFound\",\"/Users/fortune/Desktop/hexco 3/hexco-website/.next/dev/server/chunks/ssr/_5dcc1911._.js\",130,284,13,1,false]],\"props\":{\"href\":\"/contact\",\"className\":\"flex-1 px-4 py-2 border border-gray-300 rounded-lg text-gray-700 hover:bg-gray-50 transition-colors text-center\",\"children\":\"Contact Us\"}}\n3f:[]\n40:[[\"NotFound\",\"/Users/fortune/Desktop/hexco 3/hexco-website/.next/dev/server/chunks/ssr/_5dcc1911._.js\",151,268,13,1,false]]\n41:[[\"NotFound\",\"/Users/fortune/Desktop/hexco 3/hexco-website/.next/dev/server/chunks/ssr/_5dcc1911._.js\",154,276,13,1,false]]\n42:[[\"NotFound\",\"/Users/fortune/Desktop/hexco 3/hexco-website/.next/dev/server/chunks/ssr/_5dcc1911._.js\",162,276,13,1,false]]\n44:{\"name\":\"LinkComponent\",\"key\":null,\"env\":\"Server\",\"owner\":\"$27\",\"stack\":[[\"NotFound\",\"/Users/fortune/Desktop/hexco 3/hexco-website/.next/dev/server/chunks/ssr/_5dcc1911._.js\",165,284,13,1,false]],\"props\":{\"href\":\"/about\",\"className\":\"hover:text-blue-800 transition-colors\",\"style\":{\"color\":\"var(--primary)\"},\"children\":\"About HEXCO\"}}\n45:[]\n47:{\"name\":\"LinkComponent\",\"key\":null,\"env\":\"Server\",\"owner\":\"$27\",\"stack\":[[\"NotFound\",\"/Users/fortune/Desktop/hexco 3/hexco-website/.next/dev/server/chunks/ssr/_5dcc1911._.js\",177,284,13,1,false]],\"props\":{\"href\":\"/committees\",\"className\":\"hover:text-blue-800 transition-colors\",\"style\":{\"color\":\"var(--primary)\"},\"children\":\"Committees\"}}\n48:[]\n4a:{\"name\":\"LinkComponent\",\"key\":null,\"env\":\"Server\",\"owner\":\"$27\",\"stack\":[[\"NotFound\",\"/Users/fortune/Desktop/hexco 3/hexco-website/.next/dev/server/chunks/ssr/_5dcc1911._.js\",189,284,13,1,false]],\"props\":{\"href\":\"/resources\",\"className\":\"hover:text-blue-800 transition-colors\",\"style\":{\"color\":\"var(--primary)\"},\"children\":\"Resources\"}}\n4b:[]\n4d:{\"name\":\"LinkComponent\",\"key\":null,\"env\":\"Server\",\"owner\":\"$27\",\"stack\":[[\"NotFound\",\"/Users/fortune/Desktop/hexco 3/hexco-website/.next/dev/server/chunks/ssr/_5dcc1911._.js\",201,284,13,1,false]],\"props\":{\"href\":\"/news\",\"className\":\"hover:text-blue-800 transition-colors\",\"style\":{\"color\":\"var(--primary)\"},\"children\":\"News \u0026 Notices\"}}\n4e:[]\n4f:[[\"NotFound\",\"/Users/fortune/Desktop/hexco 3/hexco-website/.next/dev/server/chunks/ssr/_5dcc1911._.js\",225,268,13,1,false]]\n50:[[\"NotFound\",\"/Users/fortune/Desktop/hexco 3/hexco-website/.next/dev/server/chunks/ssr/_5dcc1911._.js\",227,282,13,1,false]]\n51:[[\"NotFound\",\"/Users/fortune/Desktop/hexco 3/hexco-website/.next/dev/server/chunks/ssr/_5dcc1911._.js\",230,280,13,1,false]]\n52:[[\"NotFound\",\"/Users/fortune/Desktop/hexco 3/hexco-website/.next/dev/server/chunks/ssr/_5dcc1911._.js\",239,280,13,1,false]]\n53:[[\"NotFound\",\"/Users/fortune/Desktop/hexco 3/hexco-website/.next/dev/server/chunks/ssr/_5dcc1911._.js\",244,294,13,1,false]]\n54:[[\"Promise.all\",\"\",0,0,0,0,true]]\n55:[[\"RootLayout\",\"/Users/fortune/Desktop/hexco 3/hexco-website/.next/dev/server/chunks/ssr/_fe30d74b._.js\",253,276,197,1,false]]\n57:[[\"RootLayout\",\"/Users/fortune/Desktop/hexco 3/hexco-website/.next/dev/server/chunks/ssr/_fe30d74b._.js\",258,276,197,1,false]]\n59:[[\"Promise.all\",\"\",0,0,0,0,true]]\n5a:[[\"Promise.all\",\"\",0,0,0,0,true],[\"Promise.all\",\"\",0,0,0,0,true]]\n5b:[[\"Promise.all\",\"\",0,0,0,0,true],[\"Promise.all\",\"\",0,0,0,0,true]]\n5c:[[\"Promise.all\",\"\",0,0,0,0,true],[\"Promise.all\",\"\",0,0,0,0,true]]\n5d:[[\"Promise.all\",\"\",0,0,0,0,true],[\"Promise.all\",\"\",0,0,0,0,true]]\n5f:{\"name\":\"NotFound\",\"key\":null,\"env\":\"Server\",\"stack\":[[\"Promise.all\",\"\",0,0,0,0,true],[\"Promise.all\",\"\",0,0,0,0,true]],\"props\":{\"params\":\"$@60\",\"searchParams\":\"$@61\"}}\n62:[[\"NotFound\",\"/Users/fo"])</script><script>self.__next_f.push([1,"rtune/Desktop/hexco 3/hexco-website/.next/dev/server/chunks/ssr/_5dcc1911._.js\",14,263,13,1,false]]\n63:[[\"NotFound\",\"/Users/fortune/Desktop/hexco 3/hexco-website/.next/dev/server/chunks/ssr/_5dcc1911._.js\",16,270,13,1,false]]\n64:[[\"NotFound\",\"/Users/fortune/Desktop/hexco 3/hexco-website/.next/dev/server/chunks/ssr/_5dcc1911._.js\",19,268,13,1,false]]\n65:[[\"NotFound\",\"/Users/fortune/Desktop/hexco 3/hexco-website/.next/dev/server/chunks/ssr/_5dcc1911._.js\",22,276,13,1,false]]\n66:[[\"NotFound\",\"/Users/fortune/Desktop/hexco 3/hexco-website/.next/dev/server/chunks/ssr/_5dcc1911._.js\",27,290,13,1,false]]\n67:[[\"NotFound\",\"/Users/fortune/Desktop/hexco 3/hexco-website/.next/dev/server/chunks/ssr/_5dcc1911._.js\",40,276,13,1,false]]\n68:[[\"NotFound\",\"/Users/fortune/Desktop/hexco 3/hexco-website/.next/dev/server/chunks/ssr/_5dcc1911._.js\",42,284,13,1,false]]\n69:[[\"NotFound\",\"/Users/fortune/Desktop/hexco 3/hexco-website/.next/dev/server/chunks/ssr/_5dcc1911._.js\",53,284,13,1,false]]\n6a:[[\"NotFound\",\"/Users/fortune/Desktop/hexco 3/hexco-website/.next/dev/server/chunks/ssr/_5dcc1911._.js\",73,268,13,1,false]]\n6b:[[\"NotFound\",\"/Users/fortune/Desktop/hexco 3/hexco-website/.next/dev/server/chunks/ssr/_5dcc1911._.js\",76,276,13,1,false]]\n6c:[[\"NotFound\",\"/Users/fortune/Desktop/hexco 3/hexco-website/.next/dev/server/chunks/ssr/_5dcc1911._.js\",84,276,13,1,false]]\n6d:[[\"NotFound\",\"/Users/fortune/Desktop/hexco 3/hexco-website/.next/dev/server/chunks/ssr/_5dcc1911._.js\",92,276,13,1,false]]\n6e:[[\"NotFound\",\"/Users/fortune/Desktop/hexco 3/hexco-website/.next/dev/server/chunks/ssr/_5dcc1911._.js\",106,268,13,1,false]]\n70:{\"name\":\"LinkComponent\",\"key\":null,\"env\":\"Server\",\"owner\":\"$5f\",\"stack\":[[\"NotFound\",\"/Users/fortune/Desktop/hexco 3/hexco-website/.next/dev/server/chunks/ssr/_5dcc1911._.js\",109,276,13,1,false]],\"props\":{\"href\":\"/\",\"className\":\"btn-primary w-full\",\"children\":\"Go to Homepage\"}}\n71:[]\n72:[[\"NotFound\",\"/Users/fortune/Desktop/hexco 3/hexco-website/.next/dev/server/chunks/ssr/_5dcc1911._.js\",118,276,13,1,false]]\n74:{\"name\":\"LinkComponent\",\"key\":null,\"env\":\"Server\",\"owner\":\"$5f\",\"stack\":[[\"NotFound\",\"/Users/fortune/Desktop/hexco 3/hexco-website/.next/dev/server/chunks/ssr/_5dcc1911._.js\",121,284,13,1,false]],\"props\":{\"href\":\"/candidates\",\"className\":\"flex-1 px-4 py-2 border border-gray-300 rounded-lg text-gray-700 hover:bg-gray-50 transition-colors text-center\",\"children\":\"Candidate Services\"}}\n75:[]\n77:{\"name\":\"LinkComponent\",\"key\":null,\"env\":\"Server\",\"owner\":\"$5f\",\"stack\":[[\"NotFound\",\"/Users/fortune/Desktop/hexco 3/hexco-website/.next/dev/server/chunks/ssr/_5dcc1911._.js\",130,284,13,1,false]],\"props\":{\"href\":\"/contact\",\"className\":\"flex-1 px-4 py-2 border border-gray-300 rounded-lg text-gray-700 hover:bg-gray-50 transition-colors text-center\",\"children\":\"Contact Us\"}}\n78:[]\n79:[[\"NotFound\",\"/Users/fortune/Desktop/hexco 3/hexco-website/.next/dev/server/chunks/ssr/_5dcc1911._.js\",151,268,13,1,false]]\n7a:[[\"NotFound\",\"/Users/fortune/Desktop/hexco 3/hexco-website/.next/dev/server/chunks/ssr/_5dcc1911._.js\",154,276,13,1,false]]\n7b:[[\"NotFound\",\"/Users/fortune/Desktop/hexco 3/hexco-website/.next/dev/server/chunks/ssr/_5dcc1911._.js\",162,276,13,1,false]]\n7d:{\"name\":\"LinkComponent\",\"key\":null,\"env\":\"Server\",\"owner\":\"$5f\",\"stack\":[[\"NotFound\",\"/Users/fortune/Desktop/hexco 3/hexco-website/.next/dev/server/chunks/ssr/_5dcc1911._.js\",165,284,13,1,false]],\"props\":{\"href\":\"/about\",\"className\":\"hover:text-blue-800 transition-colors\",\"style\":{\"color\":\"var(--primary)\"},\"children\":\"About HEXCO\"}}\n7e:[]\n80:{\"name\":\"LinkComponent\",\"key\":null,\"env\":\"Server\",\"owner\":\"$5f\",\"stack\":[[\"NotFound\",\"/Users/fortune/Desktop/hexco 3/hexco-website/.next/dev/server/chunks/ssr/_5dcc1911._.js\",177,284,13,1,false]],\"props\":{\"href\":\"/committees\",\"className\":\"hover:text-blue-800 transition-colors\",\"style\":{\"color\":\"var(--primary)\"},\"children\":\"Committees\"}}\n81:[]\n83:{\"name\":\"LinkComponent\",\"key\":null,\"env\":\"Server\",\"owner\":\"$5f\",\"stack\":[[\"NotFound\",\"/Users/fortune/Desktop/hexco 3/hexco-website/.next/dev/server/chunks/ssr/_5dcc1911._.js\",189,284,13,1,false]],\"props\":{\"href\":\""])</script><script>self.__next_f.push([1,"/resources\",\"className\":\"hover:text-blue-800 transition-colors\",\"style\":{\"color\":\"var(--primary)\"},\"children\":\"Resources\"}}\n84:[]\n86:{\"name\":\"LinkComponent\",\"key\":null,\"env\":\"Server\",\"owner\":\"$5f\",\"stack\":[[\"NotFound\",\"/Users/fortune/Desktop/hexco 3/hexco-website/.next/dev/server/chunks/ssr/_5dcc1911._.js\",201,284,13,1,false]],\"props\":{\"href\":\"/news\",\"className\":\"hover:text-blue-800 transition-colors\",\"style\":{\"color\":\"var(--primary)\"},\"children\":\"News \u0026 Notices\"}}\n87:[]\n88:[[\"NotFound\",\"/Users/fortune/Desktop/hexco 3/hexco-website/.next/dev/server/chunks/ssr/_5dcc1911._.js\",225,268,13,1,false]]\n89:[[\"NotFound\",\"/Users/fortune/Desktop/hexco 3/hexco-website/.next/dev/server/chunks/ssr/_5dcc1911._.js\",227,282,13,1,false]]\n8a:[[\"NotFound\",\"/Users/fortune/Desktop/hexco 3/hexco-website/.next/dev/server/chunks/ssr/_5dcc1911._.js\",230,280,13,1,false]]\n8b:[[\"NotFound\",\"/Users/fortune/Desktop/hexco 3/hexco-website/.next/dev/server/chunks/ssr/_5dcc1911._.js\",239,280,13,1,false]]\n8c:[[\"NotFound\",\"/Users/fortune/Desktop/hexco 3/hexco-website/.next/dev/server/chunks/ssr/_5dcc1911._.js\",244,294,13,1,false]]\n8d:[[\"Array.map\",\"\",0,0,0,0,false],[\"Array.map\",\"\",0,0,0,0,false],[\"Promise.all\",\"\",0,0,0,0,true]]\n8f:{\"name\":\"Next.MetadataOutlet\",\"key\":null,\"env\":\"Server\",\"stack\":[[\"Promise.all\",\"\",0,0,0,0,true],[\"Promise.all\",\"\",0,0,0,0,true]],\"props\":{}}\n90:[]\n92:[]\n95:[]\n"])</script><script>self.__next_f.push([1,"98:\"$EObject.defineProperty(function(type,config,children){for(var propName,i=2;i\u003carguments.length;i++)validateChildKeys(arguments[i]);i={};var key=null;if(null!=config)for(propName in didWarnAboutOldJSXRuntime||!(\\\"__self\\\"in config)||\\\"key\\\"in config||(didWarnAboutOldJSXRuntime=!0,console.warn(\\\"Your app (or one of its dependencies) is using an outdated JSX transform. Update to the modern JSX transform for faster performance: https://react.dev/link/new-jsx-transform\\\")),hasValidKey(config)\u0026\u0026(checkKeyStringCoercion(config.key),key=\\\"\\\"+config.key),config)hasOwnProperty.call(config,propName)\u0026\u0026\\\"key\\\"!==propName\u0026\u0026\\\"__self\\\"!==propName\u0026\u0026\\\"__source\\\"!==propName\u0026\u0026(i[propName]=config[propName]);var childrenLength=arguments.length-2;if(1===childrenLength)i.children=children;else if(1\u003cchildrenLength){for(var childArray=Array(childrenLength),_i=0;_i\u003cchildrenLength;_i++)childArray[_i]=arguments[_i+2];Object.freeze\u0026\u0026Object.freeze(childArray),i.children=childArray}if(type\u0026\u0026type.defaultProps)for(propName in childrenLength=type.defaultProps)void 0===i[propName]\u0026\u0026(i[propName]=childrenLength[propName]);return key\u0026\u0026function(props,displayName){function warnAboutAccessingKey(){specialPropKeyWarningShown||(specialPropKeyWarningShown=!0,console.error(\\\"%s: `key` is not a prop. Trying to access it will result in `undefined` being returned. If you need to access the same value within the child component, you should pass it as a different prop. (https://react.dev/link/special-props)\\\",displayName))}warnAboutAccessingKey.isReactWarning=!0,Object.defineProperty(props,\\\"key\\\",{get:warnAboutAccessingKey,configurable:!0})}(i,\\\"function\\\"==typeof type?type.displayName||type.name||\\\"Unknown\\\":type),(propName=1e4\u003eReactSharedInternals.recentlyCreatedOwnerStacks++)?(childArray=Error.stackTraceLimit,Error.stackTraceLimit=10,childrenLength=Error(\\\"react-stack-top-frame\\\"),Error.stackTraceLimit=childArray):childrenLength=unknownOwnerDebugStack,ReactElement(type,key,i,getOwner(),childrenLength,propName?createTask(getTaskName(type)):unknownOwnerDebugTask)},\\\"name\\\",{value:\\\"\\\"})\"\n"])</script><script>self.__next_f.push([1,"97:{\"name\":\"NonIndex\",\"key\":null,\"env\":\"Server\",\"stack\":[],\"props\":{\"createElement\":\"$98\",\"pagePath\":\"/_not-found\",\"statusCode\":404,\"isPossibleServerAction\":false}}\n99:[]\n9b:{\"name\":\"Next.Viewport\",\"key\":null,\"env\":\"Server\",\"stack\":[],\"props\":{}}\n9c:[]\na0:{\"name\":\"Next.Metadata\",\"key\":null,\"env\":\"Server\",\"stack\":[],\"props\":{}}\na1:[]\na2:[]\na4:[]\n60:{}\n61:\na8:[]\na9:[]\naa:[]\n:W[\"warn\",\"$aa\",\"$8f\",\"Server\",\" \\u001b[33m\\u001b[1m⚠\\u001b[22m\\u001b[39m Unsupported metadata viewport is configured in metadata export in /_not-found. Please move it to viewport export instead.\\nRead more: https://nextjs.org/docs/app/api-reference/functions/generate-viewport\"]\nab:[]\nac:[]\nad:[[\"Array.map\",\"\",0,0,0,0,false]]\nae:[]\naf:[[\"Array.map\",\"\",0,0,0,0,false]]\nb0:[]\n1:D{\"time\":0.6209168434143066}\n1:D\"$2\"\n1:D{\"time\":0.6719169616699219}\n1:null\nc:D{\"time\":1.3244998455047607}\nc:D\"$d\"\nc:D{\"time\":2.694624900817871}\n26:D{\"time\":3.2326669692993164}\n26:D\"$27\"\n26:D{\"time\":5.62529182434082}\n35:D{\"time\":6.071541786193848}\n35:D\"$36\"\n35:D{\"time\":6.426124811172485}\n35:[\"$\",\"$L38\",null,{\"href\":\"/\",\"className\":\"btn-primary w-full\",\"children\":\"Go to Homepage\"},\"$36\",\"$37\",1]\n3a:D{\"time\":6.515791893005371}\n3a:D\"$3b\"\n3a:D{\"time\":6.569541931152344}\n3a:[\"$\",\"$L38\",null,{\"href\":\"/candidates\",\"className\":\"flex-1 px-4 py-2 border border-gray-300 rounded-lg text-gray-700 hover:bg-gray-50 transition-colors text-center\",\"children\":\"Candidate Services\"},\"$3b\",\"$3c\",1]\n3d:D{\"time\":6.61299991607666}\n3d:D\"$3e\"\n3d:D{\"time\":6.93274998664856}\n3d:[\"$\",\"$L38\",null,{\"href\":\"/contact\",\"className\":\"flex-1 px-4 py-2 border border-gray-300 rounded-lg text-gray-700 hover:bg-gray-50 transition-colors text-center\",\"children\":\"Contact Us\"},\"$3e\",\"$3f\",1]\n43:D{\"time\":7.077499866485596}\n43:D\"$44\"\n43:D{\"time\":7.393791913986206}\n43:[\"$\",\"$L38\",null,{\"href\":\"/about\",\"className\":\"hover:text-blue-800 transition-colors\",\"style\":{\"color\":\"var(--primary)\"},\"children\":\"About HEXCO\"},\"$44\",\"$45\",1]\n46:D{\"time\":7.456291913986206}\n46:D\"$47\"\n46:D{\"time\":7.519416809082031}\n46:[\"$\",\"$L38\",null,{\"href\":\"/committees\",\"className\":\"hover:text-blue-800 transition-colors\",\"style\":{\"color\":\"var(--primary)\"},\"children\":\"Committees\"},\"$47\",\"$48\",1]\n49:D{\"time\":7.561457872390747}\n49:D\"$4a\"\n49:D{\"time\":7.866124868392944}\n49:[\"$\",\"$L38\",null,{\"href\":\"/resources\",\"className\":\"hover:text-blue-800 transition-colors\",\"style\":{\"color\":\"var(--primary)\"},\"children\":\"Resources\"},\"$4a\",\"$4b\",1]\n4c:D{\"time\":7.912832975387573}\n4c:D\"$4d\"\n4c:D{\"time\":8.161207914352417}\n4c:[\"$\",\"$L38\",null,{\"href\":\"/news\",\"className\":\"hover:text-blue-800 transition-colors\",\"style\":{\"color\":\"var(--primary)\"},\"children\":\"News \u0026 Notices\"},\"$4d\",\"$4e\",1]\n"])</script><script>self.__next_f.push([1,"26:[\"$\",\"div\",null,{\"className\":\"min-h-screen bg-gray-50 flex items-center justify-center py-12 px-4 sm:px-6 lg:px-8\",\"children\":[\"$\",\"div\",null,{\"className\":\"max-w-md w-full text-center\",\"children\":[[\"$\",\"div\",null,{\"className\":\"flex items-center justify-center space-x-3 mb-8\",\"children\":[[\"$\",\"div\",null,{\"className\":\"w-12 h-12 rounded-lg flex items-center justify-center\",\"style\":{\"backgroundColor\":\"var(--primary)\"},\"children\":[\"$\",\"span\",null,{\"className\":\"text-white font-bold text-xl\",\"children\":\"H\"},\"$27\",\"$2c\",1]},\"$27\",\"$2b\",1],[\"$\",\"div\",null,{\"children\":[[\"$\",\"h1\",null,{\"className\":\"text-xl font-bold\",\"style\":{\"color\":\"var(--primary)\"},\"children\":\"HEXCO\"},\"$27\",\"$2e\",1],[\"$\",\"p\",null,{\"className\":\"text-xs text-gray-600\",\"children\":\"Higher Education Examinations Council\"},\"$27\",\"$2f\",1]]},\"$27\",\"$2d\",1]]},\"$27\",\"$2a\",1],[\"$\",\"div\",null,{\"className\":\"mb-8\",\"children\":[[\"$\",\"h1\",null,{\"className\":\"text-9xl font-bold text-gray-300 mb-4\",\"children\":\"404\"},\"$27\",\"$31\",1],[\"$\",\"h2\",null,{\"className\":\"text-3xl font-bold text-gray-900 mb-4\",\"children\":\"Page Not Found\"},\"$27\",\"$32\",1],[\"$\",\"p\",null,{\"className\":\"text-lg text-gray-600 mb-8\",\"children\":\"Sorry, we couldn't find the page you're looking for. The page may have been moved, deleted, or you may have entered an incorrect URL.\"},\"$27\",\"$33\",1]]},\"$27\",\"$30\",1],[\"$\",\"div\",null,{\"className\":\"space-y-4\",\"children\":[\"$35\",[\"$\",\"div\",null,{\"className\":\"flex flex-col sm:flex-row gap-3\",\"children\":[\"$3a\",\"$3d\"]},\"$27\",\"$39\",1]]},\"$27\",\"$34\",1],[\"$\",\"div\",null,{\"className\":\"mt-12 pt-8 border-t border-gray-200\",\"children\":[[\"$\",\"h3\",null,{\"className\":\"text-sm font-semibold text-gray-900 mb-4\",\"children\":\"Popular Pages\"},\"$27\",\"$41\",1],[\"$\",\"div\",null,{\"className\":\"grid grid-cols-2 gap-2 text-sm\",\"children\":[\"$43\",\"$46\",\"$49\",\"$4c\"]},\"$27\",\"$42\",1]]},\"$27\",\"$40\",1],[\"$\",\"div\",null,{\"className\":\"mt-8\",\"children\":[\"$\",\"div\",null,{\"className\":\"relative\",\"children\":[[\"$\",\"input\",null,{\"type\":\"text\",\"placeholder\":\"Search HEXCO website...\",\"className\":\"w-full px-4 py-2 pl-10 border border-gray-300 rounded-lg focus:ring-2 focus:ring-blue-500 focus:border-transparent text-sm\"},\"$27\",\"$51\",1],[\"$\",\"svg\",null,{\"className\":\"absolute left-3 top-2.5 h-4 w-4 text-gray-400\",\"fill\":\"none\",\"stroke\":\"currentColor\",\"viewBox\":\"0 0 24 24\",\"children\":[\"$\",\"path\",null,{\"strokeLinecap\":\"round\",\"strokeLinejoin\":\"round\",\"strokeWidth\":2,\"d\":\"M21 21l-6-6m2-5a7 7 0 11-14 0 7 7 0 0114 0z\"},\"$27\",\"$53\",1]},\"$27\",\"$52\",1]]},\"$27\",\"$50\",1]},\"$27\",\"$4f\",1]]},\"$27\",\"$29\",1]},\"$27\",\"$28\",1]\n"])</script><script>self.__next_f.push([1,"c:[\"$\",\"html\",null,{\"lang\":\"en\",\"suppressHydrationWarning\":true,\"children\":[[\"$\",\"head\",null,{\"children\":[[\"$\",\"link\",null,{\"rel\":\"preconnect\",\"href\":\"https://fonts.googleapis.com\"},\"$d\",\"$18\",1],[\"$\",\"link\",null,{\"rel\":\"preconnect\",\"href\":\"https://fonts.gstatic.com\",\"crossOrigin\":\"anonymous\"},\"$d\",\"$19\",1],[\"$\",\"link\",null,{\"href\":\"https://fonts.googleapis.com/css2?family=Caveat:wght@400;500;600;700\u0026display=swap\",\"rel\":\"stylesheet\"},\"$d\",\"$1a\",1]]},\"$d\",\"$17\",1],[\"$\",\"body\",null,{\"className\":\"antialiased\",\"suppressHydrationWarning\":true,\"children\":[\"$\",\"$L1d\",null,{\"children\":[[\"$\",\"$L1f\",null,{},\"$d\",\"$1e\",1],[\"$\",\"main\",null,{\"className\":\"min-h-screen\",\"children\":[\"$\",\"$L22\",null,{\"parallelRouterKey\":\"children\",\"error\":\"$undefined\",\"errorStyles\":\"$undefined\",\"errorScripts\":\"$undefined\",\"template\":[\"$\",\"$L24\",null,{},null,\"$23\",1],\"templateStyles\":\"$undefined\",\"templateScripts\":\"$undefined\",\"notFound\":[\"$\",\"$L5\",\"c-not-found\",{\"type\":\"not-found\",\"pagePath\":\"not-found.tsx\",\"children\":[\"$26\",[]]},null,\"$25\",0],\"forbidden\":\"$undefined\",\"unauthorized\":\"$undefined\",\"segmentViewBoundaries\":[[\"$\",\"$L5\",null,{\"type\":\"boundary:not-found\",\"pagePath\":\"not-found.tsx@boundary\"},null,\"$54\",1],\"$undefined\",\"$undefined\",\"$undefined\"]},null,\"$21\",1]},\"$d\",\"$20\",1],[\"$\",\"$L56\",null,{},\"$d\",\"$55\",1],[\"$\",\"$L58\",null,{},\"$d\",\"$57\",1]]},\"$d\",\"$1c\",1]},\"$d\",\"$1b\",1]]},\"$d\",\"$16\",1]\n"])</script><script>self.__next_f.push([1,"5e:D{\"time\":9.621917009353638}\n5e:D\"$5f\"\n5e:D{\"time\":11.56754183769226}\n6f:D{\"time\":12.30662488937378}\n6f:D\"$70\"\n6f:D{\"time\":12.351666927337646}\n6f:[\"$\",\"$L38\",null,{\"href\":\"/\",\"className\":\"btn-primary w-full\",\"children\":\"Go to Homepage\"},\"$70\",\"$71\",1]\n73:D{\"time\":12.694832801818848}\n73:D\"$74\"\n73:D{\"time\":12.762582778930664}\n73:[\"$\",\"$L38\",null,{\"href\":\"/candidates\",\"className\":\"flex-1 px-4 py-2 border border-gray-300 rounded-lg text-gray-700 hover:bg-gray-50 transition-colors text-center\",\"children\":\"Candidate Services\"},\"$74\",\"$75\",1]\n76:D{\"time\":12.826957941055298}\n76:D\"$77\"\n76:D{\"time\":12.897332906723022}\n76:[\"$\",\"$L38\",null,{\"href\":\"/contact\",\"className\":\"flex-1 px-4 py-2 border border-gray-300 rounded-lg text-gray-700 hover:bg-gray-50 transition-colors text-center\",\"children\":\"Contact Us\"},\"$77\",\"$78\",1]\n7c:D{\"time\":13.218166828155518}\n7c:D\"$7d\"\n7c:D{\"time\":13.960166931152344}\n7c:[\"$\",\"$L38\",null,{\"href\":\"/about\",\"className\":\"hover:text-blue-800 transition-colors\",\"style\":{\"color\":\"var(--primary)\"},\"children\":\"About HEXCO\"},\"$7d\",\"$7e\",1]\n7f:D{\"time\":14.142749786376953}\n7f:D\"$80\"\n7f:D{\"time\":14.208999872207642}\n7f:[\"$\",\"$L38\",null,{\"href\":\"/committees\",\"className\":\"hover:text-blue-800 transition-colors\",\"style\":{\"color\":\"var(--primary)\"},\"children\":\"Committees\"},\"$80\",\"$81\",1]\n82:D{\"time\":14.262207984924316}\n82:D\"$83\"\n82:D{\"time\":14.324167013168335}\n82:[\"$\",\"$L38\",null,{\"href\":\"/resources\",\"className\":\"hover:text-blue-800 transition-colors\",\"style\":{\"color\":\"var(--primary)\"},\"children\":\"Resources\"},\"$83\",\"$84\",1]\n85:D{\"time\":14.358749866485596}\n85:D\"$86\"\n85:D{\"time\":14.426541805267334}\n85:[\"$\",\"$L38\",null,{\"href\":\"/news\",\"className\":\"hover:text-blue-800 transition-colors\",\"style\":{\"color\":\"var(--primary)\"},\"children\":\"News \u0026 Notices\"},\"$86\",\"$87\",1]\n"])</script><script>self.__next_f.push([1,"5e:[\"$\",\"div\",null,{\"className\":\"min-h-screen bg-gray-50 flex items-center justify-center py-12 px-4 sm:px-6 lg:px-8\",\"children\":[\"$\",\"div\",null,{\"className\":\"max-w-md w-full text-center\",\"children\":[[\"$\",\"div\",null,{\"className\":\"flex items-center justify-center space-x-3 mb-8\",\"children\":[[\"$\",\"div\",null,{\"className\":\"w-12 h-12 rounded-lg flex items-center justify-center\",\"style\":{\"backgroundColor\":\"var(--primary)\"},\"children\":[\"$\",\"span\",null,{\"className\":\"text-white font-bold text-xl\",\"children\":\"H\"},\"$5f\",\"$66\",1]},\"$5f\",\"$65\",1],[\"$\",\"div\",null,{\"children\":[[\"$\",\"h1\",null,{\"className\":\"text-xl font-bold\",\"style\":{\"color\":\"var(--primary)\"},\"children\":\"HEXCO\"},\"$5f\",\"$68\",1],[\"$\",\"p\",null,{\"className\":\"text-xs text-gray-600\",\"children\":\"Higher Education Examinations Council\"},\"$5f\",\"$69\",1]]},\"$5f\",\"$67\",1]]},\"$5f\",\"$64\",1],[\"$\",\"div\",null,{\"className\":\"mb-8\",\"children\":[[\"$\",\"h1\",null,{\"className\":\"text-9xl font-bold text-gray-300 mb-4\",\"children\":\"404\"},\"$5f\",\"$6b\",1],[\"$\",\"h2\",null,{\"className\":\"text-3xl font-bold text-gray-900 mb-4\",\"children\":\"Page Not Found\"},\"$5f\",\"$6c\",1],[\"$\",\"p\",null,{\"className\":\"text-lg text-gray-600 mb-8\",\"children\":\"Sorry, we couldn't find the page you're looking for. The page may have been moved, deleted, or you may have entered an incorrect URL.\"},\"$5f\",\"$6d\",1]]},\"$5f\",\"$6a\",1],[\"$\",\"div\",null,{\"className\":\"space-y-4\",\"children\":[\"$6f\",[\"$\",\"div\",null,{\"className\":\"flex flex-col sm:flex-row gap-3\",\"children\":[\"$73\",\"$76\"]},\"$5f\",\"$72\",1]]},\"$5f\",\"$6e\",1],[\"$\",\"div\",null,{\"className\":\"mt-12 pt-8 border-t border-gray-200\",\"children\":[[\"$\",\"h3\",null,{\"className\":\"text-sm font-semibold text-gray-900 mb-4\",\"children\":\"Popular Pages\"},\"$5f\",\"$7a\",1],[\"$\",\"div\",null,{\"className\":\"grid grid-cols-2 gap-2 text-sm\",\"children\":[\"$7c\",\"$7f\",\"$82\",\"$85\"]},\"$5f\",\"$7b\",1]]},\"$5f\",\"$79\",1],[\"$\",\"div\",null,{\"className\":\"mt-8\",\"children\":[\"$\",\"div\",null,{\"className\":\"relative\",\"children\":[[\"$\",\"input\",null,{\"type\":\"text\",\"placeholder\":\"Search HEXCO website...\",\"className\":\"w-full px-4 py-2 pl-10 border border-gray-300 rounded-lg focus:ring-2 focus:ring-blue-500 focus:border-transparent text-sm\"},\"$5f\",\"$8a\",1],[\"$\",\"svg\",null,{\"className\":\"absolute left-3 top-2.5 h-4 w-4 text-gray-400\",\"fill\":\"none\",\"stroke\":\"currentColor\",\"viewBox\":\"0 0 24 24\",\"children\":[\"$\",\"path\",null,{\"strokeLinecap\":\"round\",\"strokeLinejoin\":\"round\",\"strokeWidth\":2,\"d\":\"M21 21l-6-6m2-5a7 7 0 11-14 0 7 7 0 0114 0z\"},\"$5f\",\"$8c\",1]},\"$5f\",\"$8b\",1]]},\"$5f\",\"$89\",1]},\"$5f\",\"$88\",1]]},\"$5f\",\"$63\",1]},\"$5f\",\"$62\",1]\n"])</script><script>self.__next_f.push([1,"8e:D{\"time\":14.91599988937378}\n8e:D\"$8f\"\n8e:D{\"time\":21.153124809265137}\n8e:[\"$\",\"$L91\",null,{\"children\":[\"$\",\"$93\",null,{\"name\":\"Next.MetadataOutlet\",\"children\":\"$@94\"},\"$8f\",\"$92\",1]},\"$8f\",\"$90\",1]\n96:D{\"time\":21.698166847229004}\n96:D\"$97\"\n96:D{\"time\":21.759957790374756}\n96:[\"$\",\"meta\",null,{\"name\":\"robots\",\"content\":\"noindex\"},\"$97\",\"$99\",1]\n9a:D{\"time\":21.81820797920227}\n9a:D\"$9b\"\n9a:D{\"time\":22.345332860946655}\n9a:[\"$\",\"$L9d\",null,{\"children\":\"$@9e\"},\"$9b\",\"$9c\",1]\n9f:D{\"time\":22.526291847229004}\n9f:D\"$a0\"\n9f:D{\"time\":22.641624927520752}\n9f:[\"$\",\"div\",null,{\"hidden\":true,\"children\":[\"$\",\"$La3\",null,{\"children\":[\"$\",\"$93\",null,{\"name\":\"Next.Metadata\",\"children\":\"$@a5\"},\"$a0\",\"$a4\",1]},\"$a0\",\"$a2\",1]},\"$a0\",\"$a1\",1]\na6:[]\n"])</script><script>self.__next_f.push([1,"0:{\"P\":\"$1\",\"b\":\"development\",\"c\":[\"\",\"api\",\"members\"],\"q\":\"\",\"i\":false,\"f\":[[[\"\",{\"children\":[\"/_not-found\",{\"children\":[\"__PAGE__\",{}]}]},\"$undefined\",\"$undefined\",true],[[\"$\",\"$L5\",\"layout\",{\"type\":\"layout\",\"pagePath\":\"layout.tsx\",\"children\":[\"$\",\"$7\",\"c\",{\"children\":[[[\"$\",\"link\",\"0\",{\"rel\":\"stylesheet\",\"href\":\"/_next/static/chunks/src_app_globals_91e4631d.css\",\"precedence\":\"next_static/chunks/src_app_globals_91e4631d.css\",\"crossOrigin\":\"$undefined\",\"nonce\":\"$undefined\"},null,\"$8\",0],[\"$\",\"script\",\"script-0\",{\"src\":\"/_next/static/chunks/src_41a977a5._.js\",\"async\":true,\"nonce\":\"$undefined\"},null,\"$9\",0],[\"$\",\"script\",\"script-1\",{\"src\":\"/_next/static/chunks/node_modules_ede8993a._.js\",\"async\":true,\"nonce\":\"$undefined\"},null,\"$a\",0],[\"$\",\"script\",\"script-2\",{\"src\":\"/_next/static/chunks/src_app_layout_tsx_3873bb71._.js\",\"async\":true,\"nonce\":\"$undefined\"},null,\"$b\",0]],\"$c\"]},null,\"$6\",1]},null,\"$4\",0],{\"children\":[[\"$\",\"$7\",\"c\",{\"children\":[null,[\"$\",\"$L22\",null,{\"parallelRouterKey\":\"children\",\"error\":\"$undefined\",\"errorStyles\":\"$undefined\",\"errorScripts\":\"$undefined\",\"template\":[\"$\",\"$L24\",null,{},null,\"$5b\",1],\"templateStyles\":\"$undefined\",\"templateScripts\":\"$undefined\",\"notFound\":\"$undefined\",\"forbidden\":\"$undefined\",\"unauthorized\":\"$undefined\",\"segmentViewBoundaries\":[\"$undefined\",\"$undefined\",\"$undefined\",\"$undefined\"]},null,\"$5a\",1]]},null,\"$59\",0],{\"children\":[[\"$\",\"$7\",\"c\",{\"children\":[[\"$\",\"$L5\",\"c-page\",{\"type\":\"page\",\"pagePath\":\"not-found.tsx\",\"children\":\"$5e\"},null,\"$5d\",1],[[\"$\",\"script\",\"script-0\",{\"src\":\"/_next/static/chunks/src_app_not-found_tsx_84c8c7b4._.js\",\"async\":true,\"nonce\":\"$undefined\"},null,\"$8d\",0]],\"$8e\"]},null,\"$5c\",0],{},null,false,false]},null,false,false]},null,false,false],[\"$\",\"$7\",\"h\",{\"children\":[\"$96\",\"$9a\",\"$9f\",null]},null,\"$95\",0],false]],\"m\":\"$Wa6\",\"G\":[\"$a7\",\"$undefined\"],\"s\":false,\"S\":false}\n"])</script><script>self.__next_f.push([1,"9e:D{\"time\":29.035082817077637}\n9e:[[\"$\",\"meta\",\"0\",{\"charSet\":\"utf-8\"},\"$8f\",\"$a8\",0],[\"$\",\"meta\",\"1\",{\"name\":\"viewport\",\"content\":\"width=device-width, initial-scale=1\"},\"$8f\",\"$a9\",0]]\na5:D{\"time\":31.99383282661438}\na5:[[\"$\",\"title\",\"0\",{\"children\":\"HEXCO - Higher Education Examinations Council\"},\"$8f\",\"$ab\",0],[\"$\",\"meta\",\"1\",{\"name\":\"description\",\"content\":\"Shaping Skills for a Competitive Economy through quality technical and vocational education and training.\"},\"$8f\",\"$ac\",0],[\"$\",\"meta\",\"2\",{\"name\":\"author\",\"content\":\"HEXCO\"},\"$8f\",\"$ad\",0],[\"$\",\"meta\",\"3\",{\"name\":\"keywords\",\"content\":\"HEXCO, Higher Education, Examinations, Technical Education, Vocational Training, Zimbabwe, TVET\"},\"$8f\",\"$ae\",0],[\"$\",\"link\",\"4\",{\"rel\":\"icon\",\"href\":\"/favicon.ico?favicon.0b3bf435.ico\",\"sizes\":\"256x256\",\"type\":\"image/x-icon\"},\"$8f\",\"$af\",0],[\"$\",\"$Lb1\",\"5\",{},\"$8f\",\"$b0\",0]]\n94:D{\"time\":32.142082929611206}\n94:null\n"])</script></body></html>
Response: null
Failed to create member. Aborting tests.
